
Memory Configuration

Name             Origin             Length             Attributes
flash            0x00000000         0x20000000         xr
sram             0x20000000         0x20000000         xrw
*default*        0x00000000         0xffffffff

Linker script and memory map


.text           0x00000000      0x178
 *(.vector*)
 .vector        0x00000000       0x10 startup.o
                0x00000000                g_p_fu_vectors
 *(.text*)
 .text          0x00000010       0xbc startup.o
                0x00000010                MM_fault_Handler
                0x00000010                Usage_fault_Handler
                0x00000010                H_fault_Handler
                0x00000010                NMT_Handler
                0x00000010                Default_Handler
                0x00000010                Bus_fault_Handler
                0x0000001c                Reset_Handler
 .text          0x000000cc       0xac main.o
                0x000000cc                DELAY_function
                0x000000fc                main
 *(.rodata*)
                0x00000178                _E_text = .

.glue_7         0x00000178        0x0
 .glue_7        0x00000000        0x0 linker stubs

.glue_7t        0x00000178        0x0
 .glue_7t       0x00000000        0x0 linker stubs

.vfp11_veneer   0x00000178        0x0
 .vfp11_veneer  0x00000000        0x0 linker stubs

.v4_bx          0x00000178        0x0
 .v4_bx         0x00000000        0x0 linker stubs

.iplt           0x00000178        0x0
 .iplt          0x00000000        0x0 startup.o

.rel.dyn        0x00000178        0x0
 .rel.iplt      0x00000000        0x0 startup.o

.data           0x20000000        0x0 load address 0x00000178
                0x20000000                _S_DATA = .
 *(.data*)
 .data          0x20000000        0x0 startup.o
 .data          0x20000000        0x0 main.o
                0x20000000                . = ALIGN (0x4)
                0x20000000                _E_DATA = .

.igot.plt       0x20000000        0x0 load address 0x00000178
 .igot.plt      0x00000000        0x0 startup.o

.bss            0x20000000      0x400 load address 0x00000178
                0x20000000                _S_bss = .
 *(.bss*)
 .bss           0x20000000      0x400 startup.o
 .bss           0x20000400        0x0 main.o
                0x20000400                . = ALIGN (0x4)
                0x20000400                _E_bss = .
LOAD startup.o
LOAD main.o
OUTPUT(unit3_lab4_cortex-m4.elf elf32-littlearm)

.debug_info     0x00000000      0x1f2
 .debug_info    0x00000000      0x178 startup.o
 .debug_info    0x00000178       0x7a main.o

.debug_abbrev   0x00000000      0x133
 .debug_abbrev  0x00000000       0xc3 startup.o
 .debug_abbrev  0x000000c3       0x70 main.o

.debug_loc      0x00000000       0xc8
 .debug_loc     0x00000000       0x64 startup.o
 .debug_loc     0x00000064       0x64 main.o

.debug_aranges  0x00000000       0x40
 .debug_aranges
                0x00000000       0x20 startup.o
 .debug_aranges
                0x00000020       0x20 main.o

.debug_line     0x00000000       0xca
 .debug_line    0x00000000       0x69 startup.o
 .debug_line    0x00000069       0x61 main.o

.debug_str      0x00000000      0x18e
 .debug_str     0x00000000      0x167 startup.o
                                0x19b (size before relaxing)
 .debug_str     0x00000167       0x27 main.o
                                 0xc1 (size before relaxing)

.comment        0x00000000       0x11
 .comment       0x00000000       0x11 startup.o
                                 0x12 (size before relaxing)
 .comment       0x00000000       0x12 main.o

.ARM.attributes
                0x00000000       0x33
 .ARM.attributes
                0x00000000       0x33 startup.o
 .ARM.attributes
                0x00000033       0x33 main.o

.debug_frame    0x00000000       0x94
 .debug_frame   0x00000000       0x4c startup.o
 .debug_frame   0x0000004c       0x48 main.o
